> Task :app:clean
> Task :app:preBuild UP-TO-DATE
> Task :app:preDebugBuild UP-TO-DATE
> Task :app:mergeDebugNativeDebugMetadata NO-SOURCE
> Task :app:javaPreCompileDebug
> Task :app:processDebugNavigationResources
> Task :app:checkDebugAarMetadata
> Task :app:generateDebugResValues
> Task :app:compileDebugNavigationResources
> Task :app:processDebugGoogleServices
> Task :app:mapDebugSourceSetPaths
> Task :app:generateDebugResources

> Task :app:mergeDebugResources FAILED
.\gradlew : ERROR: F:\Mobile\Otech\app\src\main\res\drawable\catagory_dohoa-kythuat.jpg: Resource 
and asset merger: '-' is not a valid file-based resource name character: File-based resource 
names must contain only lowercase a-z, 0-9, or underscore
At line:1 char:1
+ .\gradlew clean assembleDebug 2>&1 | Tee-Object -FilePath "build-outp ...
+ ~~~~~~~~~~~~~~~~~~~~~~~~~~~~~~~~~~
    + CategoryInfo          : NotSpecified: (ERROR: F:\Mobil..., or underscore:String) [], Remote 
   Exception
    + FullyQualifiedErrorId : NativeCommandError
 

FAILURE: Build failed with an exception.

* What went wrong:
Execution failed for task ':app:mergeDebugResources'.
> F:\Mobile\Otech\app\src\main\res\drawable\catagory_dohoa-kythuat.jpg: Error: '-' is not a valid 
file-based resource name character: File-based resource names must contain only lowercase a-z, 
0-9, or underscore

* Try:
> Run with --stacktrace option to get the stack trace.
> Run with --info or --debug option to get more log output.
> Run with --scan to get full insights.
> Get more help at https://help.gradle.org.

BUILD FAILED in 3s
10 actionable tasks: 10 executed
